******************************************************************************
                  TI ARM Linker Unix v18.1.3                   
******************************************************************************
>> Linked Sun Oct  7 11:40:09 2018

OUTPUT FILE NAME:   <Embedded_Toggle.out>
ENTRY POINT SYMBOL: "_c_int00_noinit_noargs"  address: 0000031d


MEMORY CONFIGURATION

         name            origin    length      used     unused   attr    fill
----------------------  --------  ---------  --------  --------  ----  --------
  FLASH                 00000000   00040000  00000372  0003fc8e  R  X
  SRAM                  20000000   00008000  00000200  00007e00  RW X


SEGMENT ALLOCATION MAP

run origin  load origin   length   init length attrs members
----------  ----------- ---------- ----------- ----- -------
00000000    00000000    00000372   00000372    r-x
  00000000    00000000    0000026c   0000026c    r-- .intvecs
  0000026c    0000026c    00000106   00000106    r-x .text
20000000    20000000    00000200   00000000    rw-
  20000000    20000000    00000200   00000000    rw- .stack


SECTION ALLOCATION MAP

 output                                  attributes/
section   page    origin      length       input sections
--------  ----  ----------  ----------   ----------------
.intvecs   0    00000000    0000026c     
                  00000000    0000026c     tm4c123gh6zxr_startup_ccs.obj (.intvecs)

.text      0    0000026c    00000106     
                  0000026c    000000b0     main.obj (.text)
                  0000031c    00000030     rtsv7M4_T_le_v4SPD16_eabi.lib : boot_cortex_m.c.obj (.text:_c_int00_noinit_noargs:_c_int00_noinit_noargs)
                  0000034c    0000000c     tm4c123gh6zxr_startup_ccs.obj (.text)
                  00000358    00000006     driverlib.lib : gpio.obj (.text:GPIOPinRead)
                  0000035e    00000006                   : gpio.obj (.text:GPIOPinWrite)
                  00000364    00000006                   : sysctl.obj (.text:SysCtlDelay)
                  0000036a    00000004     rtsv7M4_T_le_v4SPD16_eabi.lib : pre_init.c.obj (.text:_system_pre_init)
                  0000036e    00000004                                   : exit.c.obj (.text:abort:abort)

.cinit     0    00000000    00000000     UNINITIALIZED

.init_array 
*          0    00000000    00000000     UNINITIALIZED

.stack     0    20000000    00000200     UNINITIALIZED
                  20000000    00000004     rtsv7M4_T_le_v4SPD16_eabi.lib : boot_cortex_m.c.obj (.stack)
                  20000004    000001fc     --HOLE--

MODULE SUMMARY

       Module                          code   ro data   rw data
       ------                          ----   -------   -------
    ./
       tm4c123gh6zxr_startup_ccs.obj   12     620       0      
       main.obj                        176    0         0      
    +--+-------------------------------+------+---------+---------+
       Total:                          188    620       0      
                                                               
    /Applications/ti/ccsv8/tools/compiler/ti-cgt-arm_18.1.3.LTS/lib/rtsv7M4_T_le_v4SPD16_eabi.lib
       boot_cortex_m.c.obj             48     0         0      
       exit.c.obj                      4      0         0      
       pre_init.c.obj                  4      0         0      
    +--+-------------------------------+------+---------+---------+
       Total:                          56     0         0      
                                                               
    /Users/pyjain/Desktop/Embedded Systems/CCS/SW-EK-TM4C123GXL-2.1.4.178/driverlib/ccs/Debug/driverlib.lib
       gpio.obj                        12     0         0      
       sysctl.obj                      6      0         0      
    +--+-------------------------------+------+---------+---------+
       Total:                          18     0         0      
                                                               
       Stack:                          0      0         512    
    +--+-------------------------------+------+---------+---------+
       Grand Total:                    262    620       512    


GLOBAL SYMBOLS: SORTED ALPHABETICALLY BY Name 

address   name                  
-------   ----                  
0000036f  C$$EXIT               
00000359  GPIOPinRead           
0000035f  GPIOPinWrite          
0000026d  PortFunctionInit      
0000034d  ResetISR              
00000365  SysCtlDelay           
20000200  __STACK_END           
00000200  __STACK_SIZE          
20000200  __STACK_TOP           
ffffffff  __TI_pprof_out_hndl   
ffffffff  __TI_prof_data_size   
ffffffff  __TI_prof_data_start  
00000000  __TI_static_base__    
ffffffff  __binit__             
ffffffff  __c_args__            
UNDEFED   __mpu_init            
20000000  __stack               
0000031d  _c_int00_noinit_noargs
0000036b  _system_pre_init      
0000036f  abort                 
ffffffff  binit                 
00000000  g_pfnVectors          
000002b9  main                  


GLOBAL SYMBOLS: SORTED BY Symbol Address 

address   name                  
-------   ----                  
00000000  __TI_static_base__    
00000000  g_pfnVectors          
00000200  __STACK_SIZE          
0000026d  PortFunctionInit      
000002b9  main                  
0000031d  _c_int00_noinit_noargs
0000034d  ResetISR              
00000359  GPIOPinRead           
0000035f  GPIOPinWrite          
00000365  SysCtlDelay           
0000036b  _system_pre_init      
0000036f  C$$EXIT               
0000036f  abort                 
20000000  __stack               
20000200  __STACK_END           
20000200  __STACK_TOP           
ffffffff  __TI_pprof_out_hndl   
ffffffff  __TI_prof_data_size   
ffffffff  __TI_prof_data_start  
ffffffff  __binit__             
ffffffff  __c_args__            
ffffffff  binit                 
UNDEFED   __mpu_init            

[23 symbols]
